[indiandryfruit.shop/index.html]
[external.html]
[backblue.gif]
[fade.gif]
[index.html]
[indiandryfruit.shop/assets/website/css/custom.css]
[indiandryfruit.shop/assets/website/img/Q18Ifxk.png]
[indiandryfruit.shop/external452e452e452e452e452e452e.html]
[indiandryfruit.shop/single-category/2.html]
[indiandryfruit.shop/upload/categories/2594230907155317.png]
[indiandryfruit.shop/assets/website/css/bootstrap.min.css]
[indiandryfruit.shop/single-category/7.html]
[indiandryfruit.shop/upload/categories/9840230907173846.png]
[indiandryfruit.shop/single-category/8.html]
[indiandryfruit.shop/upload/categories/1584230907154824.png]
[indiandryfruit.shop/single-category/13.html]
[indiandryfruit.shop/upload/categories/8292230907175005.png]
[indiandryfruit.shop/upload/categories/7068230901104221.png]
[indiandryfruit.shop/upload/categories/7744230918201243.jpg]
[indiandryfruit.shop/upload/categories/9874230918201243.jpg]
[indiandryfruit.shop/assets/website/images/theme/clock.svg]
[indiandryfruit.shop/single-products/147.html]
[indiandryfruit.shop/upload/product/3028231013024816.jpg]
[i.ibb.co/t4RsPCf/SwOvZ3r.png]
[indiandryfruit.shop/single-products/146.html]
[indiandryfruit.shop/upload/product/5398231013024452.jpg]
[indiandryfruit.shop/single-products/145.html]
[indiandryfruit.shop/upload/product/7561231013023919.jpg]
[indiandryfruit.shop/single-products/144.html]
[indiandryfruit.shop/upload/product/4673231006081059.jpg]
[indiandryfruit.shop/single-products/143.html]
[indiandryfruit.shop/upload/product/8452231006080423.jpg]
[indiandryfruit.shop/single-products/142.html]
[indiandryfruit.shop/upload/product/437230919050437.jpg]
[indiandryfruit.shop/single-products/141.html]
[indiandryfruit.shop/upload/product/6801230919045944.jpg]
[indiandryfruit.shop/single-products/140.html]
[indiandryfruit.shop/upload/product/1286230918194626.jpg]
[indiandryfruit.shop/single-products/139.html]
[indiandryfruit.shop/upload/product/7754230918194012.jpg]
[indiandryfruit.shop/single-products/138.html]
[indiandryfruit.shop/upload/product/6414230918193655.jpg]
[indiandryfruit.shop/single-products/137.html]
[indiandryfruit.shop/upload/product/3149230918193244.jpg]
[indiandryfruit.shop/single-products/136.html]
[indiandryfruit.shop/upload/product/3100230918192859.jpg]
[indiandryfruit.shop/single-products/135.html]
[indiandryfruit.shop/upload/product/8772230918192535.jpg]
[indiandryfruit.shop/single-products/134.html]
[indiandryfruit.shop/upload/product/9815230918192005.jpg]
[indiandryfruit.shop/single-products/133.html]
[indiandryfruit.shop/upload/product/7698230918191317.jpg]
[indiandryfruit.shop/single-products/132.html]
[indiandryfruit.shop/upload/product/4977230918190831.jpg]
[indiandryfruit.shop/single-products/131.html]
[indiandryfruit.shop/upload/product/9877230918190501.jpg]
[indiandryfruit.shop/single-products/130.html]
[indiandryfruit.shop/upload/product/7669230918182552.jpg]
[indiandryfruit.shop/single-products/129.html]
[indiandryfruit.shop/upload/product/3336230908150324.png]
[indiandryfruit.shop/single-products/128.html]
[indiandryfruit.shop/upload/product/4603230908145813.jpg]
[indiandryfruit.shop/single-products/125.html]
[indiandryfruit.shop/upload/product/6828230908095309.png]
[indiandryfruit.shop/single-products/124.html]
[indiandryfruit.shop/upload/product/7345230908094637.jpg]
[indiandryfruit.shop/single-products/122.html]
[indiandryfruit.shop/upload/product/4599230908093535.png]
[indiandryfruit.shop/single-products/121.html]
[indiandryfruit.shop/upload/product/8125230908093201.jpg]
[indiandryfruit.shop/single-products/120.html]
[indiandryfruit.shop/upload/product/8303230908092703.jpg]
[indiandryfruit.shop/single-products/119.html]
[indiandryfruit.shop/upload/product/1634230908092525.jpg]
[indiandryfruit.shop/single-products/118.html]
[indiandryfruit.shop/upload/product/4899230908092309.jpg]
[indiandryfruit.shop/single-products/117.html]
[indiandryfruit.shop/upload/product/5390230908092040.png]
[indiandryfruit.shop/single-products/116.html]
[indiandryfruit.shop/upload/product/6289230908091710.png]
[indiandryfruit.shop/single-products/114.html]
[indiandryfruit.shop/upload/product/8850230908090933.jpg]
[indiandryfruit.shop/single-products/113.html]
[indiandryfruit.shop/upload/product/2284230908090345.jpg]
[indiandryfruit.shop/single-products/112.html]
[indiandryfruit.shop/upload/product/9380230908084900.png]
[indiandryfruit.shop/single-products/111.html]
[indiandryfruit.shop/upload/product/1376230908083300.png]
[indiandryfruit.shop/single-products/110.html]
[indiandryfruit.shop/upload/product/3109230908082714.png]
[indiandryfruit.shop/single-products/109.html]
[indiandryfruit.shop/upload/product/42230908082410.png]
[indiandryfruit.shop/single-products/108.html]
[indiandryfruit.shop/upload/product/1607230908081858.png]
[indiandryfruit.shop/single-products/107.html]
[indiandryfruit.shop/upload/product/9127230908074308.png]
[indiandryfruit.shop/single-products/106.html]
[indiandryfruit.shop/upload/product/8581230908065016.png]
[indiandryfruit.shop/single-products/97.html]
[indiandryfruit.shop/upload/product/8582230908061954.jpg]
[indiandryfruit.shop/single-products/96.html]
[indiandryfruit.shop/upload/product/5236230908061637.jpg]
[indiandryfruit.shop/single-products/95.html]
[indiandryfruit.shop/upload/product/625230908061230.jpg]
[indiandryfruit.shop/single-products/94.html]
[indiandryfruit.shop/upload/product/3081230908060915.jpg]
[indiandryfruit.shop/single-products/93.html]
[indiandryfruit.shop/upload/product/8033230908060726.jpg]
[indiandryfruit.shop/single-products/92.html]
[indiandryfruit.shop/upload/product/4792230908060451.jpg]
[indiandryfruit.shop/single-products/91.html]
[indiandryfruit.shop/upload/product/9118230908060155.jpg]
[indiandryfruit.shop/single-products/90.html]
[indiandryfruit.shop/upload/product/9652230908055858.jpg]
[indiandryfruit.shop/single-products/88.html]
[indiandryfruit.shop/upload/product/2396230908055138.png]
[indiandryfruit.shop/single-products/86.html]
[indiandryfruit.shop/upload/product/195230908054405.png]
[indiandryfruit.shop/single-products/85.html]
[indiandryfruit.shop/upload/product/5314230908053753.png]
[indiandryfruit.shop/single-products/82.html]
[indiandryfruit.shop/upload/product/5780230908052340.png]
[indiandryfruit.shop/single-products/80.html]
[indiandryfruit.shop/upload/product/989230908051320.png]
[indiandryfruit.shop/single-products/79.html]
[indiandryfruit.shop/upload/product/9700230908002810.png]
[indiandryfruit.shop/single-products/77.html]
[indiandryfruit.shop/upload/product/8764230908001825.png]
[indiandryfruit.shop/single-products/48.html]
[indiandryfruit.shop/upload/product/7379230907153603.jpg]
[indiandryfruit.shop/the-gift-card-store6599]
[indiandryfruit.shop/helpcentre6599]
[indiandryfruit.shop/single-products/index.html]
[indiandryfruit.shop/assets/website/js/jquery.min.js]
[indiandryfruit.shop/assets/website/js/bootstrap.min.js]
[indiandryfruit.shop/index.html]
[indiandryfruit.shop/assets/index.html]
[indiandryfruit.shop/assets/website/css/bootstrap.min.css]
[indiandryfruit.shop/assets/website/images/theme/search.svg]
[indiandryfruit.shop/assets/website/img/share.png]
[indiandryfruit.shop/assets/website/img/love.png]
[indiandryfruit.shop/assets/website/css/custom.css]
[indiandryfruit.shop/assets/website/images/theme/bars.svg]
[indiandryfruit.shop/external452e452e452e452e452e452e.html]
[indiandryfruit.shop/single-category/external452e452e452e452e452e452e.html]
[indiandryfruit.shop/single-category/2.html]
[indiandryfruit.shop/single-category/7.html]
[indiandryfruit.shop/single-category/8.html]
[indiandryfruit.shop/single-category/13.html]
[indiandryfruit.shop/assets/website/images/theme/clock.svg]
[indiandryfruit.shop/single-products/external452e452e452e452e452e452e.html]
[indiandryfruit.shop/upload/product/3217231013024816.jpg]
[indiandryfruit.shop/assets/website/images/pay-latter.png]
[indiandryfruit.shop/assets/website/images/replacement.png]
[indiandryfruit.shop/assets/website/images/non-cod.png]
[indiandryfruit.shop/assets/website/images/plue-fassured.png]
[indiandryfruit.shop/home/add_to_address.html]
[indiandryfruit.shop/single-products/147.html]
[indiandryfruit.shop/upload/product/2067231013024452.jpg]
[indiandryfruit.shop/single-products/146.html]
[indiandryfruit.shop/upload/product/1081231013023919.jpg]
[indiandryfruit.shop/upload/product/7314231013023919.jpg]
[indiandryfruit.shop/upload/product/7650231013023919.jpg]
[indiandryfruit.shop/single-products/145.html]
[indiandryfruit.shop/upload/product/8881231006081059.jpg]
[indiandryfruit.shop/upload/product/7110231006081059.jpg]
[indiandryfruit.shop/upload/product/2246231006081059.jpg]
[indiandryfruit.shop/upload/product/1029231006081059.jpg]
[indiandryfruit.shop/upload/innovative/54078170.jpg]
[indiandryfruit.shop/single-products/144.html]
[indiandryfruit.shop/upload/product/5684231006080423.jpg]
[indiandryfruit.shop/upload/product/5522231006080423.jpg]
[indiandryfruit.shop/single-products/143.html]
[indiandryfruit.shop/upload/product/4293230919050437.jpg]
[indiandryfruit.shop/upload/product/3391230919050437.jpg]
[indiandryfruit.shop/upload/product/5372230919050437.jpg]
[indiandryfruit.shop/upload/innovative/972901283.jpg]
[indiandryfruit.shop/upload/innovative/55987099.jpg]
[m.media-amazon.com/images/S/aplus-media-library-service-media/bc6f6929-bff8-4d52-a7e9-a6a9f21cc09e.__CR0,0,1464,600_PT0_SX1464_V1___.jpg]
[m.media-amazon.com/images/S/aplus-media-library-service-media/23e224e1-489a-4bdb-816b-10f32e504a63.__CR0,0,1464,600_PT0_SX1464_V1___.jpg]
[indiandryfruit.shop/single-products/142.html]
[indiandryfruit.shop/upload/product/1077230919045944.jpg]
[indiandryfruit.shop/upload/product/4268230919045944.jpg]
[indiandryfruit.shop/upload/product/7418230919045944.jpg]
[indiandryfruit.shop/upload/product/1581230919045944.jpg]
[m.media-amazon.com/images/S/aplus-media-library-service-media/5c4f824d-e873-44a0-8ba6-04f7efb9f81f.__CR0,0,1464,600_PT0_SX1464_V1___.jpg]
[indiandryfruit.shop/single-products/141.html]
[indiandryfruit.shop/upload/product/5914230918194626.jpg]
[indiandryfruit.shop/upload/product/6779230918194626.jpg]
[indiandryfruit.shop/upload/product/3903230918194626.jpg]
[indiandryfruit.shop/upload/product/4800230918194626.jpg]
[indiandryfruit.shop/upload/innovative/412821120.jpg]
[indiandryfruit.shop/upload/innovative/422983437.jpg]
[indiandryfruit.shop/single-products/140.html]
[indiandryfruit.shop/upload/product/3640230918194012.jpg]
[indiandryfruit.shop/upload/product/2202230918194012.jpg]
[indiandryfruit.shop/upload/product/1252230918194012.jpg]
[indiandryfruit.shop/upload/innovative/930476166.jpg]
[indiandryfruit.shop/upload/innovative/776895670.jpg]
[indiandryfruit.shop/upload/innovative/22302553.jpg]
[indiandryfruit.shop/upload/innovative/888822182.jpg]
[indiandryfruit.shop/upload/innovative/156925030.jpg]
[indiandryfruit.shop/upload/innovative/804489112.jpg]
[m.media-amazon.com/images/G/31/img21/Wireless/katariy/Apple/iphone_13/Green/updated/r1434_Product_Page_Flex_Module_Avail_Amazon_Desktop__en-IN_01._CB624147061_.jpg]
[m.media-amazon.com/images/G/31/img21/Wireless/katariy/Apple/iphone_13/Green/updated/r1434_Product_Page_Flex_Module_Avail_Amazon_Desktop__en-IN_02._CB624147061_.jpg]
[m.media-amazon.com/images/G/31/img21/Wireless/katariy/Apple/iphone_13/Green/updated/r1434_Product_Page_Flex_Module_Avail_Amazon_Desktop__en-IN_03._CB624147061_.jpg]
[m.media-amazon.com/images/G/31/img21/Wireless/katariy/Apple/iphone_13/Green/updated/r1434_Product_Page_Flex_Module_Avail_Amazon_Desktop__en-IN_04._CB624147061_.jpg]
[m.media-amazon.com/images/G/31/img21/Wireless/katariy/Apple/iphone_13/Green/updated/r1434_Product_Page_Flex_Module_Avail_Amazon_Desktop__en-IN_05._CB624147061_.jpg]
[m.media-amazon.com/images/G/31/img21/Wireless/katariy/Apple/iphone_13/Green/updated/r1434_Product_Page_Flex_Module_Avail_Amazon_Desktop__en-IN_06._CB624147061_.jpg]
[m.media-amazon.com/images/G/31/img21/Wireless/katariy/Apple/iphone_13/Green/updated/r1434_Product_Page_Flex_Module_Avail_Amazon_Desktop__en-IN_07._CB624147061_.jpg]
[m.media-amazon.com/images/G/31/img21/Wireless/katariy/Apple/iphone_13/Green/updated/r1434_Product_Page_Flex_Module_Avail_Amazon_Desktop__en-IN_08._CB624147061_.jpg]
[m.media-amazon.com/images/G/31/img21/Wireless/katariy/Apple/iphone_13/Green/updated/r1434_Product_Page_Flex_Module_Avail_Amazon_Desktop__en-IN_09._CB624147061_.jpg]
[indiandryfruit.shop/single-products/139.html]
[indiandryfruit.shop/upload/product/7260230918193655.jpg]
[indiandryfruit.shop/upload/product/9856230918193655.jpg]
[indiandryfruit.shop/upload/product/3565230918193655.jpg]
[indiandryfruit.shop/upload/product/5825230918193655.jpg]
[m.media-amazon.com/images/S/aplus-media-library-service-media/0b9bc2d4-b7d7-4705-b0af-27206bad32bd.__CR0,0,2954,1827_PT0_SX970_V1___.jpg]
[m.media-amazon.com/images/S/aplus-media-library-service-media/c2432ea6-eb05-49f5-bf59-f40a594d021a.__CR1,0,1181,1181_PT0_SX300_V1___.jpg]
[m.media-amazon.com/images/S/aplus-media-library-service-media/4e5554e0-ab95-435c-8f29-2faaf268e622.__CR0,0,1182,1182_PT0_SX300_V1___.jpg]
[m.media-amazon.com/images/S/aplus-media-library-service-media/26bcae65-3ea1-4705-b81e-6fa5a3281834.__CR0,0,1182,1182_PT0_SX300_V1___.jpg]
[m.media-amazon.com/images/S/aplus-media-library-service-media/54b1f6ac-7c6b-4a98-9f36-c3a8dad50cf6.__CR0,0,2954,1827_PT0_SX970_V1___.jpg]
[m.media-amazon.com/images/S/aplus-media-library-service-media/714b5c33-ef33-4a50-91ac-b81951692b5a.__CR0,0,1182,1182_PT0_SX300_V1___.jpg]
[m.media-amazon.com/images/S/aplus-media-library-service-media/36134f6c-64cc-4623-a462-2d555183c8b9.__CR0,0,1182,1182_PT0_SX300_V1___.jpg]
[m.media-amazon.com/images/S/aplus-media-library-service-media/01879c47-54b5-48fc-9ab6-9e9bc0d25227.__CR0,0,1182,1182_PT0_SX300_V1___.jpg]
[indiandryfruit.shop/single-products/138.html]
[m.media-amazon.com/images/S/aplus-media-library-service-media/73b596bd-4cbf-4207-805f-1a717bd48876.__CR0,0,2953,1827_PT0_SX970_V1___.jpg]
[indiandryfruit.shop/upload/product/2603230918193244.jpg]
[indiandryfruit.shop/upload/product/9530230918193244.jpg]
[indiandryfruit.shop/upload/product/126230918193244.jpg]
[indiandryfruit.shop/upload/innovative/768681176.jpg]
[indiandryfruit.shop/upload/innovative/465616935.jpg]
[indiandryfruit.shop/single-products/137.html]
[indiandryfruit.shop/upload/product/1724230918192859.jpg]
[indiandryfruit.shop/upload/product/2287230918192859.jpg]
[indiandryfruit.shop/upload/product/5665230918192859.jpg]
[indiandryfruit.shop/upload/innovative/251726828.jpg]
[indiandryfruit.shop/upload/innovative/839937738.jpg]
[indiandryfruit.shop/single-products/136.html]
[m.media-amazon.com/images/S/aplus-media-library-service-media/0cffa4bd-f150-4908-a67a-180f165f8e4a.__CR0,0,1464,600_PT0_SX1464_V1___.jpg]
[indiandryfruit.shop/upload/product/2198230918192535.jpg]
[indiandryfruit.shop/upload/product/4225230918192535.jpg]
[indiandryfruit.shop/upload/product/5850230918192535.jpg]
[indiandryfruit.shop/upload/product/8948230918192535.jpg]
