[indiandryfruit.shop/home/add_to_cart.html]
[backblue.gif]
[fade.gif]
[index.html]
[indiandryfruit.shop/assets/website/css/bootstrap.min.css]
[indiandryfruit.shop/assets/website/css/custom.css]
[indiandryfruit.shop/assets/website/images/theme/progress-indicator-summary.png]
[indiandryfruit.shop/assets/images/SwOvZ3r.png]
[rukminim1.flixcart.com/www/60/70/promos/13/02/2019/9b179a8a-a0e2-497b-bd44-20aa733dc0ec9c9a.png]
[indiandryfruit.shop/home/payment_page.html]
[indiandryfruit.shop/assets/website/js/jquery.min.js]
[indiandryfruit.shop/home/add_to_cart.html]
[indiandryfruit.shop/assets/website/js/bootstrap.min.js]
[indiandryfruit.shop/assets/website/css/bootstrap.min.css]
[indiandryfruit.shop/assets/website/img/share.png]
[indiandryfruit.shop/assets/website/css/custom.css]
[indiandryfruit.shop/assets/website/img/love.png]
[i.ibb.co/W23H39g/safety-label-badge.png]
[indiandryfruit.shop/home/payment_page.html]
[indiandryfruit.shop/assets/website/js/manage_payment.js]
[indiandryfruit.shop/assets/website/js/jquery.min.js]
[indiandryfruit.shop/home/popper.html]
[indiandryfruit.shop/assets/website/js/bootstrap.min.js]
[indiandryfruit.shop/assets/website/js/manage_payment.js]
[indiandryfruit.shop/home/popper.html]
